../Core/Src/main.c:73:6:Turning_SetAngle	3
../Core/Src/main.c:86:6:setEscSpeed	5
../Core/Src/main.c:102:6:stopCarEsc	1
../Core/Src/main.c:108:6:moveForward	2
../Core/Src/main.c:115:6:moveBackward	2
../Core/Src/main.c:122:6:turn	1
../Core/Src/main.c:128:6:stopCar	1
../Core/Src/main.c:140:5:main	7
../Core/Src/main.c:262:6:SystemClock_Config	4
../Core/Src/main.c:322:13:MX_TIM13_Init	4
../Core/Src/main.c:368:13:MX_TIM14_Init	4
../Core/Src/main.c:414:13:MX_USART3_UART_Init	5
../Core/Src/main.c:462:13:MX_GPIO_Init	1
../Core/Src/main.c:483:6:MPU_Config	1
../Core/Src/main.c:514:6:Error_Handler	1
