2025-09-29 11:16:40,343 [INFO] Activator:176 - 


2025-09-29 11:16:40,356 [INFO] Activator:177 - !SESSION log4j initialized
2025-09-29 11:16:56,640 [INFO] LogOutputStream:77 - [STDOUT_REDIRECT] 
2025-09-29 11:17:27,494 [INFO] ApplicationProperties:184 - Using Application install path: C:\ST\STM32CubeIDE_1.18.0\STM32CubeIDE\plugins\com.st.stm32cube.common.mx_6.15.0.202507011659
2025-09-29 11:17:27,547 [INFO] DbMcusXml:78 - Set database path to: C:\ST\STM32CubeIDE_1.18.0\STM32CubeIDE\plugins\com.st.stm32cube.common.mx_6.15.0.202507011659\\db\/mcu/
2025-09-29 11:17:27,548 [INFO] ApiDb:274 - Set plugin database path to: C:\ST\STM32CubeIDE_1.18.0\STM32CubeIDE\plugins\com.st.stm32cube.common.mx_6.15.0.202507011659\\db\/plugins/boardmanager/
2025-09-29 11:17:27,550 [WARN] ApiDb:259 - Overriding images path with different value:  => C:\ST\STM32CubeIDE_1.18.0\STM32CubeIDE\plugins\com.st.stm32cube.common.mx_6.15.0.202507011659\\db\/plugins/mcufinder/images/
2025-09-29 11:17:27,580 [INFO] ApiDb:250 - Set database path to: C:\Users\luism\.stmcufinder\plugins\mcufinder//mcu/
2025-09-29 11:17:27,583 [INFO] DbMcusAds:125 - Set database path to: C:\Users\luism\.stmcufinder\plugins\mcufinder//mcu/
2025-09-29 11:17:34,868 [INFO] CrossReferenceDbSqlite:203 - Set database path to: C:\Users\luism\.stmcufinder\plugins\mcufinder//mcu/cs/
2025-09-29 11:17:35,045 [INFO] RulesReader:64 - Compatibility file has been processed (317 Rules)
2025-09-29 11:17:35,147 [INFO] DbMcusXml:78 - Set database path to: C:\ST\STM32CubeIDE_1.18.0\STM32CubeIDE\plugins\com.st.stm32cube.common.mx_6.15.0.202507011659\\db\/mcu/
2025-09-29 11:17:35,147 [INFO] ApiDb:274 - Set plugin database path to: C:\ST\STM32CubeIDE_1.18.0\STM32CubeIDE\plugins\com.st.stm32cube.common.mx_6.15.0.202507011659\\db\/plugins/boardmanager/
2025-09-29 11:17:35,148 [INFO] ApiDb:261 - Set plugin images path to: C:\ST\STM32CubeIDE_1.18.0\STM32CubeIDE\plugins\com.st.stm32cube.common.mx_6.15.0.202507011659\\db\/plugins/mcufinder/images/
2025-09-29 11:17:35,148 [WARN] DbFile:41 - Overriding database path with different value: C:\Users\luism\.stmcufinder\plugins\mcufinder/ => C:\Users\luism\.stmcufinder\plugins\mcufinder
2025-09-29 11:17:35,148 [INFO] ApiDb:250 - Set database path to: C:\Users\luism\.stmcufinder\plugins\mcufinder//mcu/
2025-09-29 11:17:35,148 [WARN] DbFile:41 - Overriding database path with different value: C:\Users\luism\.stmcufinder\plugins\mcufinder/ => C:\Users\luism\.stmcufinder\plugins\mcufinder
2025-09-29 11:17:35,148 [INFO] DbMcusAds:125 - Set database path to: C:\Users\luism\.stmcufinder\plugins\mcufinder//mcu/
2025-09-29 11:17:35,148 [WARN] DbFile:41 - Overriding database path with different value: C:\Users\luism\.stmcufinder\plugins\mcufinder/ => C:\Users\luism\.stmcufinder\plugins\mcufinder
2025-09-29 11:17:35,148 [WARN] DbFile:41 - Overriding database path with different value: C:\Users\luism\.stmcufinder\plugins\mcufinder/ => C:\Users\luism\.stmcufinder\plugins\mcufinder
2025-09-29 11:17:35,148 [INFO] CrossReferenceDbSqlite:203 - Set database path to: C:\Users\luism\.stmcufinder\plugins\mcufinder//mcu/cs/
2025-09-29 11:17:35,255 [INFO] MainPanel:274 - HeapMemory: 275775488
2025-09-29 11:17:35,424 [INFO] DbMcusXml:78 - Set database path to: C:\ST\STM32CubeIDE_1.18.0\STM32CubeIDE\plugins\com.st.stm32cube.common.mx_6.15.0.202507011659\\db\/mcu/
2025-09-29 11:17:35,424 [INFO] ApiDb:274 - Set plugin database path to: C:\ST\STM32CubeIDE_1.18.0\STM32CubeIDE\plugins\com.st.stm32cube.common.mx_6.15.0.202507011659\\db\/plugins/boardmanager/
2025-09-29 11:17:35,424 [INFO] ApiDb:261 - Set plugin images path to: C:\ST\STM32CubeIDE_1.18.0\STM32CubeIDE\plugins\com.st.stm32cube.common.mx_6.15.0.202507011659\\db\/plugins/mcufinder/images/
2025-09-29 11:17:35,424 [WARN] DbFile:41 - Overriding database path with different value: C:\Users\luism\.stmcufinder\plugins\mcufinder/ => C:\Users\luism\.stmcufinder\plugins\mcufinder
2025-09-29 11:17:35,425 [INFO] ApiDb:250 - Set database path to: C:\Users\luism\.stmcufinder\plugins\mcufinder//mcu/
2025-09-29 11:17:35,425 [WARN] DbFile:41 - Overriding database path with different value: C:\Users\luism\.stmcufinder\plugins\mcufinder/ => C:\Users\luism\.stmcufinder\plugins\mcufinder
2025-09-29 11:17:35,425 [INFO] DbMcusAds:125 - Set database path to: C:\Users\luism\.stmcufinder\plugins\mcufinder//mcu/
2025-09-29 11:17:35,425 [WARN] DbFile:41 - Overriding database path with different value: C:\Users\luism\.stmcufinder\plugins\mcufinder/ => C:\Users\luism\.stmcufinder\plugins\mcufinder
2025-09-29 11:17:35,425 [WARN] DbFile:41 - Overriding database path with different value: C:\Users\luism\.stmcufinder\plugins\mcufinder/ => C:\Users\luism\.stmcufinder\plugins\mcufinder
2025-09-29 11:17:35,425 [INFO] CrossReferenceDbSqlite:203 - Set database path to: C:\Users\luism\.stmcufinder\plugins\mcufinder//mcu/cs/
2025-09-29 11:17:35,449 [INFO] ApplicationProperties:184 - Using Application install path: C:\ST\STM32CubeIDE_1.18.0\STM32CubeIDE\plugins\com.st.stm32cube.common.mx_6.15.0.202507011659
2025-09-29 11:17:35,450 [INFO] PluginManage:196 - Search for loadable plugins [exclusion list=, ]
2025-09-29 11:17:35,452 [INFO] PluginManage:310 - Check plugin analytics
2025-09-29 11:17:35,727 [INFO] AnalyticsPlugin:253 - Accepted Software Licenses: 
2025-09-29 11:17:35,727 [INFO] AnalyticsPlugin:255 - Accepted CMSIS Pack Licenses: 
2025-09-29 11:17:35,727 [INFO] AnalyticsPlugin:257 - Accepted Firmware Licenses: FW.H7.1.12.0
2025-09-29 11:17:35,732 [INFO] PluginManage:359 - Loaded plugin analytics (category:tool,tabindex:-1)
2025-09-29 11:17:35,732 [INFO] PluginManage:310 - Check plugin cadmodel
2025-09-29 11:17:35,742 [INFO] CADModel:105 - Init CAD model plugin
2025-09-29 11:17:35,742 [INFO] PluginManage:359 - Loaded plugin cadmodel (category:power,tabindex:5)
2025-09-29 11:17:35,742 [INFO] PluginManage:310 - Check plugin clock
2025-09-29 11:17:35,758 [INFO] PluginManage:359 - Loaded plugin clock (category:base,tabindex:2)
2025-09-29 11:17:35,759 [INFO] PluginManage:310 - Check plugin ddr
2025-09-29 11:17:35,762 [INFO] PluginManage:359 - Loaded plugin ddr (category:tool,tabindex:6)
2025-09-29 11:17:35,762 [INFO] PluginManage:310 - Check plugin filemanager
2025-09-29 11:17:36,000 [INFO] PluginManage:359 - Loaded plugin filemanager (category:base,tabindex:10)
2025-09-29 11:17:36,000 [INFO] PluginManage:310 - Check plugin ipmanager
2025-09-29 11:17:36,012 [INFO] PluginManage:359 - Loaded plugin ipmanager (category:base,tabindex:5)
2025-09-29 11:17:36,012 [INFO] PluginManage:310 - Check plugin lpbam
2025-09-29 11:17:36,026 [INFO] PluginManage:359 - Loaded plugin lpbam (category:base,tabindex:0)
2025-09-29 11:17:36,026 [INFO] PluginManage:310 - Check plugin memorymap
2025-09-29 11:17:36,052 [INFO] PluginManage:359 - Loaded plugin memorymap (category:base,tabindex:4)
2025-09-29 11:17:36,052 [INFO] PluginManage:310 - Check plugin pinoutandconfiguration
2025-09-29 11:17:36,066 [INFO] PluginManage:359 - Loaded plugin pinoutandconfiguration (category:base,tabindex:1)
2025-09-29 11:17:36,067 [INFO] PluginManage:310 - Check plugin pinoutconfig
2025-09-29 11:17:36,211 [WARN] SupportedApi:132 - Cannot load RTOS API schema: s4s-elt-must-match.1: The content of 'definitions' must match (annotation?, (simpleType | complexType)?, (unique | key | keyref)*)). A problem was found starting at: attribute.
2025-09-29 11:17:36,447 [INFO] PluginManage:359 - Loaded plugin pinoutconfig (category:base,tabindex:0)
2025-09-29 11:17:36,447 [INFO] PluginManage:310 - Check plugin power
2025-09-29 11:17:36,466 [INFO] PluginManage:359 - Loaded plugin power (category:power,tabindex:4)
2025-09-29 11:17:36,466 [INFO] PluginManage:310 - Check plugin projectmanager
2025-09-29 11:17:36,497 [INFO] PluginManage:359 - Loaded plugin projectmanager (category:projectmanager,tabindex:4)
2025-09-29 11:17:36,497 [INFO] PluginManage:310 - Check plugin rif
2025-09-29 11:17:36,514 [INFO] PluginManage:359 - Loaded plugin rif (category:base,tabindex:3)
2025-09-29 11:17:36,515 [INFO] PluginManage:310 - Check plugin thirdparty
2025-09-29 11:17:36,788 [INFO] PluginManage:359 - Loaded plugin thirdparty (category:base,tabindex:-1)
2025-09-29 11:17:36,788 [WARN] IntegrityCheckThread:84 - waiting for thirdparty lock release [integrity check]
2025-09-29 11:17:36,789 [INFO] IntegrityCheckThread:86 - entering critical section [integrity check]
2025-09-29 11:17:36,789 [INFO] PluginManage:310 - Check plugin tools
2025-09-29 11:17:36,789 [INFO] ThirdPartyUpdaterWithRetryManager:70 - Updater plugin not ready yet. [1/15]
2025-09-29 11:17:36,796 [INFO] PluginManage:359 - Loaded plugin tools (category:base,tabindex:7)
2025-09-29 11:17:36,798 [INFO] PluginManage:310 - Check plugin tutovideos
2025-09-29 11:17:37,201 [INFO] PluginManage:359 - Loaded plugin tutovideos (category:base,tabindex:-1)
2025-09-29 11:17:37,202 [INFO] PluginManage:310 - Check plugin updater
2025-09-29 11:17:37,249 [INFO] PluginManage:359 - Loaded plugin updater (category:base,tabindex:12)
2025-09-29 11:17:37,249 [INFO] PluginManage:310 - Check plugin userauth
2025-09-29 11:17:37,260 [INFO] UserAuth:118 - Init User Auth plugin
2025-09-29 11:17:37,262 [INFO] PluginManage:359 - Loaded plugin userauth (category:base,tabindex:14)
2025-09-29 11:17:37,263 [INFO] PluginManage:283 - PluginManage : Loaded plugins [18]
2025-09-29 11:17:37,678 [INFO] PinOutPanel:1589 - setPackage(No Configuration,No Configuration)
2025-09-29 11:17:37,853 [INFO] CADModel:165 - CPN selected for project level
2025-09-29 11:17:37,853 [INFO] CADModel:114 - Register for checkConnection events
2025-09-29 11:17:37,894 [INFO] IPUIPlugin:80 - create IPUIPlugin
2025-09-29 11:17:37,895 [INFO] PluginManager:220 - loadIPPluginJar : add adc
2025-09-29 11:17:37,902 [INFO] IPUIPlugin:80 - create IPUIPlugin
2025-09-29 11:17:37,902 [INFO] PluginManager:220 - loadIPPluginJar : add aes
2025-09-29 11:17:37,910 [INFO] IPUIPlugin:80 - create IPUIPlugin
2025-09-29 11:17:37,911 [INFO] PluginManager:220 - loadIPPluginJar : add can
2025-09-29 11:17:37,916 [INFO] IPUIPlugin:80 - create IPUIPlugin
2025-09-29 11:17:37,916 [INFO] PluginManager:220 - loadIPPluginJar : add comp
2025-09-29 11:17:37,923 [INFO] IPUIPlugin:80 - create IPUIPlugin
2025-09-29 11:17:37,923 [INFO] PluginManager:220 - loadIPPluginJar : add cryp
2025-09-29 11:17:37,932 [INFO] IPUIPlugin:80 - create IPUIPlugin
2025-09-29 11:17:37,932 [INFO] PluginManager:220 - loadIPPluginJar : add ddr_ctrl_phy
2025-09-29 11:17:37,938 [INFO] IPUIPlugin:80 - create IPUIPlugin
2025-09-29 11:17:37,939 [INFO] PluginManager:220 - loadIPPluginJar : add dfsdm
2025-09-29 11:17:37,950 [INFO] IPUIPlugin:80 - create IPUIPlugin
2025-09-29 11:17:37,951 [INFO] PluginManager:220 - loadIPPluginJar : add dma
2025-09-29 11:17:37,957 [INFO] IPUIPlugin:80 - create IPUIPlugin
2025-09-29 11:17:37,958 [INFO] PluginManager:220 - loadIPPluginJar : add dma3
2025-09-29 11:17:37,964 [INFO] IPUIPlugin:80 - create IPUIPlugin
2025-09-29 11:17:37,965 [INFO] PluginManager:220 - loadIPPluginJar : add extmemmanager
2025-09-29 11:17:37,969 [INFO] IPUIPlugin:80 - create IPUIPlugin
2025-09-29 11:17:37,969 [INFO] PluginManager:220 - loadIPPluginJar : add fatfs
2025-09-29 11:17:37,980 [INFO] IPUIPlugin:80 - create IPUIPlugin
2025-09-29 11:17:37,980 [INFO] PluginManager:220 - loadIPPluginJar : add fmc
2025-09-29 11:17:37,999 [INFO] IPUIPlugin:80 - create IPUIPlugin
2025-09-29 11:17:37,999 [INFO] PluginManager:220 - loadIPPluginJar : add freertos
2025-09-29 11:17:38,004 [INFO] IPUIPlugin:80 - create IPUIPlugin
2025-09-29 11:17:38,004 [INFO] PluginManager:220 - loadIPPluginJar : add genericplugin
2025-09-29 11:17:38,010 [INFO] IPUIPlugin:80 - create IPUIPlugin
2025-09-29 11:17:38,010 [INFO] PluginManager:220 - loadIPPluginJar : add gfxmmu
2025-09-29 11:17:38,021 [INFO] IPUIPlugin:80 - create IPUIPlugin
2025-09-29 11:17:38,022 [INFO] PluginManager:220 - loadIPPluginJar : add gic
2025-09-29 11:17:38,033 [INFO] IPUIPlugin:80 - create IPUIPlugin
2025-09-29 11:17:38,033 [INFO] PluginManager:220 - loadIPPluginJar : add gpio
2025-09-29 11:17:38,041 [INFO] IPUIPlugin:80 - create IPUIPlugin
2025-09-29 11:17:38,041 [INFO] PluginManager:220 - loadIPPluginJar : add gtzc
2025-09-29 11:17:38,047 [INFO] IPUIPlugin:80 - create IPUIPlugin
2025-09-29 11:17:38,048 [INFO] PluginManager:220 - loadIPPluginJar : add hash
2025-09-29 11:17:38,055 [INFO] IPUIPlugin:80 - create IPUIPlugin
2025-09-29 11:17:38,055 [INFO] PluginManager:220 - loadIPPluginJar : add i2c
2025-09-29 11:17:38,063 [INFO] IPUIPlugin:80 - create IPUIPlugin
2025-09-29 11:17:38,063 [INFO] PluginManager:220 - loadIPPluginJar : add i2s
2025-09-29 11:17:38,071 [INFO] IPUIPlugin:80 - create IPUIPlugin
2025-09-29 11:17:38,071 [INFO] PluginManager:220 - loadIPPluginJar : add i3c
2025-09-29 11:17:38,081 [INFO] IPUIPlugin:80 - create IPUIPlugin
2025-09-29 11:17:38,081 [INFO] PluginManager:220 - loadIPPluginJar : add ipddr
2025-09-29 11:17:38,099 [INFO] IPUIPlugin:80 - create IPUIPlugin
2025-09-29 11:17:38,099 [INFO] PluginManager:220 - loadIPPluginJar : add linkedlist
2025-09-29 11:17:38,106 [INFO] IPUIPlugin:80 - create IPUIPlugin
2025-09-29 11:17:38,106 [INFO] PluginManager:220 - loadIPPluginJar : add lorawan
2025-09-29 11:17:38,112 [INFO] IPUIPlugin:80 - create IPUIPlugin
2025-09-29 11:17:38,112 [INFO] PluginManager:220 - loadIPPluginJar : add ltdc
2025-09-29 11:17:38,126 [INFO] IPUIPlugin:80 - create IPUIPlugin
2025-09-29 11:17:38,126 [INFO] PluginManager:220 - loadIPPluginJar : add mdma
2025-09-29 11:17:38,135 [INFO] IPUIPlugin:80 - create IPUIPlugin
2025-09-29 11:17:38,135 [INFO] PluginManager:220 - loadIPPluginJar : add nvic
2025-09-29 11:17:38,142 [INFO] IPUIPlugin:80 - create IPUIPlugin
2025-09-29 11:17:38,142 [INFO] PluginManager:220 - loadIPPluginJar : add opamp
2025-09-29 11:17:38,151 [INFO] IPUIPlugin:80 - create IPUIPlugin
2025-09-29 11:17:38,152 [INFO] PluginManager:220 - loadIPPluginJar : add openamp
2025-09-29 11:17:38,159 [INFO] IPUIPlugin:80 - create IPUIPlugin
2025-09-29 11:17:38,159 [INFO] PluginManager:220 - loadIPPluginJar : add pdm2pcm
2025-09-29 11:17:38,175 [INFO] IPUIPlugin:80 - create IPUIPlugin
2025-09-29 11:17:38,180 [INFO] PluginManager:220 - loadIPPluginJar : add plateformsettings
2025-09-29 11:17:38,184 [INFO] IPUIPlugin:80 - create IPUIPlugin
2025-09-29 11:17:38,185 [INFO] PluginManager:220 - loadIPPluginJar : add quadspi
2025-09-29 11:17:38,190 [INFO] IPUIPlugin:80 - create IPUIPlugin
2025-09-29 11:17:38,192 [INFO] PluginManager:220 - loadIPPluginJar : add radio
2025-09-29 11:17:38,202 [INFO] IPUIPlugin:80 - create IPUIPlugin
2025-09-29 11:17:38,203 [INFO] PluginManager:220 - loadIPPluginJar : add resmgrutility
2025-09-29 11:17:38,210 [INFO] IPUIPlugin:80 - create IPUIPlugin
2025-09-29 11:17:38,210 [INFO] PluginManager:220 - loadIPPluginJar : add sai
2025-09-29 11:17:38,217 [INFO] IPUIPlugin:80 - create IPUIPlugin
2025-09-29 11:17:38,217 [INFO] PluginManager:220 - loadIPPluginJar : add spi
2025-09-29 11:17:38,233 [INFO] IPUIPlugin:80 - create IPUIPlugin
2025-09-29 11:17:38,234 [INFO] PluginManager:220 - loadIPPluginJar : add stm32_wpan
2025-09-29 11:17:38,240 [INFO] IPUIPlugin:80 - create IPUIPlugin
2025-09-29 11:17:38,240 [INFO] PluginManager:220 - loadIPPluginJar : add tim
2025-09-29 11:17:38,250 [INFO] IPUIPlugin:80 - create IPUIPlugin
2025-09-29 11:17:38,251 [INFO] PluginManager:220 - loadIPPluginJar : add touchsensing
2025-09-29 11:17:38,256 [INFO] IPUIPlugin:80 - create IPUIPlugin
2025-09-29 11:17:38,257 [INFO] PluginManager:220 - loadIPPluginJar : add tracer_emb
2025-09-29 11:17:38,262 [INFO] IPUIPlugin:80 - create IPUIPlugin
2025-09-29 11:17:38,263 [INFO] PluginManager:220 - loadIPPluginJar : add ts
2025-09-29 11:17:38,268 [INFO] IPUIPlugin:80 - create IPUIPlugin
2025-09-29 11:17:38,268 [INFO] PluginManager:220 - loadIPPluginJar : add tsc
2025-09-29 11:17:38,274 [INFO] IPUIPlugin:80 - create IPUIPlugin
2025-09-29 11:17:38,275 [INFO] PluginManager:220 - loadIPPluginJar : add ucpd
2025-09-29 11:17:38,281 [INFO] IPUIPlugin:80 - create IPUIPlugin
2025-09-29 11:17:38,281 [INFO] PluginManager:220 - loadIPPluginJar : add usart
2025-09-29 11:17:38,289 [INFO] IPUIPlugin:80 - create IPUIPlugin
2025-09-29 11:17:38,289 [INFO] PluginManager:220 - loadIPPluginJar : add usbx
2025-09-29 11:17:38,542 [FATAL] Updater:351 - Updater called before beeing initialized
2025-09-29 11:17:38,626 [INFO] RulesReader:64 - Compatibility file has been processed (317 Rules)
2025-09-29 11:17:38,657 [INFO] RulesReader:64 - Compatibility file has been processed (317 Rules)
2025-09-29 11:17:38,678 [INFO] CADModel:165 - CPN selected for project level
2025-09-29 11:17:38,678 [INFO] CADModel:114 - Register for checkConnection events
2025-09-29 11:17:38,678 [FATAL] Updater:351 - Updater called before beeing initialized
2025-09-29 11:17:38,679 [ERROR] CADModel:125 - Updater not yet initialized, retry later 
2025-09-29 11:17:39,142 [FATAL] Updater:351 - Updater called before beeing initialized
2025-09-29 11:17:39,148 [INFO] CADModel:165 - CPN selected for project level
2025-09-29 11:17:39,150 [INFO] CADModel:114 - Register for checkConnection events
2025-09-29 11:17:39,150 [FATAL] Updater:351 - Updater called before beeing initialized
2025-09-29 11:17:39,150 [ERROR] CADModel:125 - Updater not yet initialized, retry later 
2025-09-29 11:17:39,162 [FATAL] Updater:351 - Updater called before beeing initialized
2025-09-29 11:17:39,747 [FATAL] Updater:351 - Updater called before beeing initialized
2025-09-29 11:17:39,758 [INFO] DbMcusAds:53 - JSON generation date=Tue Jul 08 02:14:23 CST 2025 (1751962463582)
2025-09-29 11:17:39,759 [FATAL] Updater:351 - Updater called before beeing initialized
2025-09-29 11:17:39,791 [INFO] ThirdPartyUpdaterWithRetryManager:70 - Updater plugin not ready yet. [2/15]
2025-09-29 11:17:39,986 [WARN] DetailPanel:346 - Failed to get advertising image, set to default
2025-09-29 11:17:40,231 [FATAL] Updater:351 - Updater called before beeing initialized
2025-09-29 11:17:40,235 [FATAL] Updater:351 - Updater called before beeing initialized
2025-09-29 11:17:40,235 [FATAL] Updater:351 - Updater called before beeing initialized
2025-09-29 11:17:40,235 [WARN] DetailPanel:346 - Failed to get advertising image, set to default
2025-09-29 11:17:40,237 [FATAL] Updater:351 - Updater called before beeing initialized
2025-09-29 11:17:40,343 [ERROR] Updater:1198 - MainUpdater not yet initialized. External WinMGr cannot be set.
2025-09-29 11:17:40,349 [INFO] Updater:1134 - Updater Version found : 6.15.0
2025-09-29 11:17:40,384 [INFO] ApplicationProperties:184 - Using Application install path: C:\ST\STM32CubeIDE_1.18.0\STM32CubeIDE\plugins\com.st.stm32cube.common.mx_6.15.0.202507011659
2025-09-29 11:17:41,975 [ERROR] LogOutputStream:75 - [STDERR_REDIRECT] Sep 29, 2025 11:17:41 AM java.util.prefs.WindowsPreferences <init>
2025-09-29 11:17:41,978 [ERROR] LogOutputStream:75 - [STDERR_REDIRECT] WARNING: Could not open/create prefs root node Software\JavaSoft\Prefs at root 0xffffffff80000002. Windows RegCreateKeyEx(...) returned error code 5.
2025-09-29 11:17:41,979 [ERROR] LogOutputStream:75 - [STDERR_REDIRECT] 
2025-09-29 11:17:42,637 [INFO] MainUpdater:2872 - connection check result : 10
2025-09-29 11:17:42,638 [INFO] MainUpdater:3604 - Updater definition file requires update
2025-09-29 11:17:42,640 [INFO] MainUpdater:289 - Updater Check For Update Now.
2025-09-29 11:17:42,641 [INFO] MicroXplorer:498 - Change Database Version : DB.6.0.150
2025-09-29 11:17:42,652 [INFO] McuFinderGlobals:63 - Set McuFinder mode to 2 (CubeIDE integrated)
2025-09-29 11:17:42,654 [INFO] UserAuth:487 - Internet connection configuration mode: 1
2025-09-29 11:17:42,685 [INFO] JxBrowserEngine:152 - Initiate JxBrowser Engine with user profile folder
2025-09-29 11:17:42,793 [WARN] MainUpdater:1193 - Updater busy. Cannot search thirdparties
2025-09-29 11:17:42,793 [INFO] ThirdPartyUpdaterWithRetryManager:96 - Updater plugin is busy. [1/15]
2025-09-29 11:17:43,007 [INFO] ServerAccessManage:452 - Complete download http(s) 200
2025-09-29 11:17:43,009 [INFO] ServerAccessManage:509 - Download File updaters.zip
2025-09-29 11:17:43,715 [INFO] FileExtend:248 - Unzip File : updaters.zip
2025-09-29 11:17:43,716 [INFO] FileExtend:263 - Standard Zip Deflate
2025-09-29 11:17:44,612 [INFO] ServerAccessManage:452 - Complete download http(s) 200
2025-09-29 11:17:44,612 [INFO] ServerAccessManage:509 - Download File PacksControlFlags.xml
2025-09-29 11:17:44,738 [INFO] ServerAccessManage:452 - Complete download http(s) 200
2025-09-29 11:17:44,739 [INFO] ServerAccessManage:509 - Download File cubemx.pidx
2025-09-29 11:17:45,795 [WARN] MainUpdater:1193 - Updater busy. Cannot search thirdparties
2025-09-29 11:17:45,795 [INFO] ThirdPartyUpdaterWithRetryManager:96 - Updater plugin is busy. [2/15]
2025-09-29 11:17:48,596 [INFO] ServerAccessManage:452 - Complete download http(s) 200
2025-09-29 11:17:48,597 [INFO] ServerAccessManage:509 - Download File STMicroelectronics.X-CUBE-STSE01.pdsc
2025-09-29 11:17:48,796 [WARN] MainUpdater:1193 - Updater busy. Cannot search thirdparties
2025-09-29 11:17:48,797 [INFO] ThirdPartyUpdaterWithRetryManager:96 - Updater plugin is busy. [3/15]
2025-09-29 11:17:49,020 [INFO] ServerAccessManage:452 - Complete download http(s) 200
2025-09-29 11:17:49,021 [INFO] ServerAccessManage:509 - Download File STMicroelectronics.X-CUBE-TOUCHGFX.pdsc
2025-09-29 11:17:51,799 [WARN] MainUpdater:1193 - Updater busy. Cannot search thirdparties
2025-09-29 11:17:51,799 [INFO] ThirdPartyUpdaterWithRetryManager:96 - Updater plugin is busy. [4/15]
2025-09-29 11:17:52,298 [WARN] PackLoader:240 - Cannot read IP mode file for STMicroelectronics.X-CUBE-STSE01.1.0.0
2025-09-29 11:17:52,358 [WARN] PackLoader:240 - Cannot read IP mode file for STMicroelectronics.X-CUBE-TOUCHGFX.4.26.0
2025-09-29 11:17:52,361 [INFO] PopulateThirdPartyThread:66 - Ending populate Thread
2025-09-29 11:17:52,392 [INFO] ThirdParty:1030 - CMSIS Pack Vendor :STMicroelectronics X-CUBE-TOUCHGFX 4.26.0
2025-09-29 11:17:52,392 [INFO] ThirdParty:1030 - CMSIS Pack Vendor :STMicroelectronics X-CUBE-STSE01 1.0.0
2025-09-29 11:17:52,417 [INFO] LoadServerUpdatesThread:375 - End of LoadServerUpdate Thread
2025-09-29 11:17:52,646 [INFO] CheckServerUpdateThread:120 - End of CheckServer Thread
2025-09-29 11:17:55,960 [WARN] PackLoader:240 - Cannot read IP mode file for STMicroelectronics.FP-SNS-MOTENVWB1.1.4.0
2025-09-29 11:17:55,985 [WARN] PackLoader:240 - Cannot read IP mode file for STMicroelectronics.FP-ATR-ASTRA1.2.0.2
2025-09-29 11:17:56,012 [WARN] PackLoader:240 - Cannot read IP mode file for STMicroelectronics.X-CUBE-SMBUS.2.1.0
2025-09-29 11:17:56,037 [WARN] PackLoader:240 - Cannot read IP mode file for STMicroelectronics.X-CUBE-WB05N.1.1.0
2025-09-29 11:17:56,060 [WARN] PackLoader:240 - Cannot read IP mode file for STMicroelectronics.X-CUBE-ST60.1.0.0
2025-09-29 11:17:56,148 [WARN] PackLoader:240 - Cannot read IP mode file for STMicroelectronics.X-CUBE-AZRTOS-F7.1.1.0
2025-09-29 11:17:56,254 [WARN] PackLoader:240 - Cannot read IP mode file for Infineon.AIROC-Wi-Fi-Bluetooth-STM32.1.7.0
2025-09-29 11:17:56,362 [WARN] PackLoader:240 - Cannot read IP mode file for STMicroelectronics.X-CUBE-AZRTOS-H7.3.4.0
2025-09-29 11:17:56,398 [WARN] PackLoader:240 - Cannot read IP mode file for STMicroelectronics.X-CUBE-DISPLAY.3.0.0
2025-09-29 11:17:56,436 [WARN] PackLoader:240 - Cannot read IP mode file for STMicroelectronics.X-CUBE-NFC10.1.0.0
2025-09-29 11:17:56,479 [WARN] PackLoader:240 - Cannot read IP mode file for STMicroelectronics.X-CUBE-BLEMGR.4.0.0
2025-09-29 11:17:56,511 [WARN] PackLoader:240 - Cannot read IP mode file for emotas.I-CUBE-CANOPEN.1.3.0
2025-09-29 11:17:56,526 [WARN] ConditionMgr:438 - getConditionDescription Invalid condition id : Cortex-A Device cause : null
2025-09-29 11:17:56,562 [WARN] ConditionMgr:1044 - genDependencies : Invalid condition id : Cortex-A Device cause : null
2025-09-29 11:17:56,563 [WARN] ConditionMgr:1044 - genDependencies : Invalid condition id : Cortex-A Device cause : null
2025-09-29 11:17:56,563 [WARN] ConditionMgr:1044 - genDependencies : Invalid condition id : Cortex-A Device cause : null
2025-09-29 11:17:56,582 [WARN] PackLoader:240 - Cannot read IP mode file for STMicroelectronics.X-CUBE-AI.10.0.0
2025-09-29 11:17:56,608 [WARN] PackLoader:240 - Cannot read IP mode file for STMicroelectronics.FP-SNS-STBOX1.2.1.0
2025-09-29 11:17:56,632 [WARN] PackLoader:240 - Cannot read IP mode file for STMicroelectronics.FP-SNS-SMARTAG2.1.2.0
2025-09-29 11:17:56,735 [WARN] PackLoader:240 - Cannot read IP mode file for STMicroelectronics.FP-SNS-FLIGHT1.5.1.0
2025-09-29 11:17:56,922 [WARN] PackLoader:240 - Cannot read IP mode file for STMicroelectronics.X-CUBE-MEMS1.11.1.0
2025-09-29 11:17:57,508 [INFO] LogOutputStream:77 - [STDOUT_REDIRECT] 1 : Invalid condition id : UX_CORESTACK_Condition cause : null
2025-09-29 11:17:57,509 [INFO] LogOutputStream:77 - [STDOUT_REDIRECT] 1 : Invalid condition id : UX_CORESTACK_Condition cause : null
2025-09-29 11:17:57,514 [INFO] LogOutputStream:77 - [STDOUT_REDIRECT] 1 : Invalid condition id : UX_CORESTACK_Condition cause : null
2025-09-29 11:17:57,519 [INFO] LogOutputStream:77 - [STDOUT_REDIRECT] 1 : Invalid condition id : UX_CORESTACK_Condition cause : null
2025-09-29 11:17:57,524 [INFO] LogOutputStream:77 - [STDOUT_REDIRECT] 1 : Invalid condition id : UX_CORESTACK_Condition cause : null
2025-09-29 11:17:57,536 [WARN] PackLoader:240 - Cannot read IP mode file for STMicroelectronics.X-CUBE-AZRTOS-WL.2.0.0
2025-09-29 11:17:57,556 [WARN] PackLoader:240 - Cannot read IP mode file for STMicroelectronics.FP-SNS-MOTENV1.5.0.0
2025-09-29 11:17:57,584 [WARN] PackLoader:240 - Cannot read IP mode file for WES.I-CUBE-Cesium.1.3.0
2025-09-29 11:17:57,602 [WARN] PackLoader:240 - Cannot read IP mode file for STMicroelectronics.X-CUBE-BLE2.3.3.0
2025-09-29 11:17:57,627 [WARN] PackLoader:240 - Cannot read IP mode file for STMicroelectronics.X-CUBE-NFC9.1.0.0
2025-09-29 11:17:57,650 [WARN] PackLoader:240 - Cannot read IP mode file for STMicroelectronics.X-CUBE-BLE1.7.1.0
2025-09-29 11:17:57,666 [WARN] PackLoader:240 - Cannot read IP mode file for wolfSSL.I-CUBE-wolfMQTT.1.19.2
2025-09-29 11:17:57,689 [WARN] PackLoader:240 - Cannot read IP mode file for STMicroelectronics.X-CUBE-EEPRMA1.5.2.0
2025-09-29 11:17:57,707 [WARN] PackLoader:240 - Cannot read IP mode file for STMicroelectronics.X-CUBE-AI.10.1.0
2025-09-29 11:17:57,899 [WARN] PackLoader:240 - Cannot read IP mode file for STMicroelectronics.X-CUBE-MEMS1.11.2.0
2025-09-29 11:17:58,458 [WARN] PackLoader:240 - Cannot read IP mode file for STMicroelectronics.X-CUBE-AZRTOS-G0.1.1.0
2025-09-29 11:17:58,623 [WARN] PackLoader:240 - Cannot read IP mode file for STMicroelectronics.X-CUBE-SAFEA1.1.2.2
2025-09-29 11:17:58,645 [WARN] PackLoader:240 - Cannot read IP mode file for STMicroelectronics.X-CUBE-NFC4.3.0.0
2025-09-29 11:17:58,677 [WARN] PackLoader:240 - Cannot read IP mode file for EmbeddedOffice.I-CUBE-FS-RTOS.1.0.1
2025-09-29 11:17:58,695 [WARN] PackLoader:240 - Cannot read IP mode file for STMicroelectronics.X-CUBE-WB05N.2.0.0
2025-09-29 11:17:58,710 [WARN] PackLoader:240 - Cannot read IP mode file for wolfSSL.I-CUBE-wolfTPM.3.8.0
2025-09-29 11:17:58,913 [WARN] PackLoader:240 - Cannot read IP mode file for STMicroelectronics.X-CUBE-TCPP.4.2.0
2025-09-29 11:17:58,943 [WARN] PackLoader:240 - Cannot read IP mode file for RealThread.X-CUBE-RT-Thread_Nano.4.1.1
2025-09-29 11:17:58,958 [WARN] PackLoader:240 - Cannot read IP mode file for STMicroelectronics.FP-ATR-SIGFOX1.3.2.0
2025-09-29 11:17:58,976 [WARN] PackLoader:240 - Cannot read IP mode file for STMicroelectronics.X-CUBE-EEPRMA1.5.1.0
2025-09-29 11:17:58,992 [WARN] PackLoader:240 - Cannot read IP mode file for wolfSSL.I-CUBE-wolfSSL.5.7.6
2025-09-29 11:17:59,013 [WARN] PackLoader:240 - Cannot read IP mode file for ITTIA_DB.I-CUBE-ITTIADB.8.9.0
2025-09-29 11:17:59,034 [WARN] PackLoader:240 - Cannot read IP mode file for STMicroelectronics.X-CUBE-ST67W61.1.0.0
2025-09-29 11:17:59,047 [WARN] PackLoader:240 - Cannot read IP mode file for STMicroelectronics.X-CUBE-AI.10.2.0
2025-09-29 11:17:59,138 [WARN] PackLoader:240 - Cannot read IP mode file for SEGGER.I-CUBE-embOS.1.3.1
2025-09-29 11:17:59,286 [WARN] PackLoader:240 - Cannot read IP mode file for STMicroelectronics.X-CUBE-ALGOBUILD.1.4.0
2025-09-29 11:17:59,478 [WARN] PackLoader:240 - Cannot read IP mode file for STMicroelectronics.X-CUBE-MEMS1.11.3.0
2025-09-29 11:18:00,021 [WARN] PackLoader:240 - Cannot read IP mode file for STMicroelectronics.X-CUBE-PM33A1.1.0.0
2025-09-29 11:18:00,078 [WARN] PackLoader:240 - Cannot read IP mode file for STMicroelectronics.X-CUBE-AZRTOS-F4.1.1.0
2025-09-29 11:18:00,101 [WARN] PackLoader:240 - Cannot read IP mode file for Avnet-IotConnect.X-CUBE-IoTC-DA16k-PMOD.1.0.0
2025-09-29 11:18:00,115 [WARN] PackLoader:240 - Cannot read IP mode file for STMicroelectronics.X-CUBE-ISPU.2.1.0
2025-09-29 11:18:00,136 [WARN] PackLoader:240 - Cannot read IP mode file for STMicroelectronics.X-CUBE-NFC12.1.0.0
2025-09-29 11:18:00,200 [WARN] PackLoader:240 - Cannot read IP mode file for STMicroelectronics.X-CUBE-AZRTOS-L5.2.0.0
2025-09-29 11:18:00,232 [WARN] PackLoader:240 - Cannot read IP mode file for STMicroelectronics.X-CUBE-NFC6.3.1.0
2025-09-29 11:18:00,257 [WARN] PackLoader:240 - Cannot read IP mode file for STMicroelectronics.X-CUBE-FREERTOS.1.3.1
2025-09-29 11:18:00,270 [WARN] PackLoader:240 - Cannot read IP mode file for STMicroelectronics.X-CUBE-FREERTOS.1.3.0
2025-09-29 11:18:00,287 [WARN] PackLoader:240 - Cannot read IP mode file for STMicroelectronics.X-CUBE-NFC7.1.0.1
2025-09-29 11:18:00,303 [WARN] PackLoader:240 - Cannot read IP mode file for STMicroelectronics.X-CUBE-TOUCHGFX.4.26.0
2025-09-29 11:18:00,318 [WARN] PackLoader:240 - Cannot read IP mode file for STMicroelectronics.FP-SNS-STAIOTCFT.1.0.0
2025-09-29 11:18:00,337 [WARN] PackLoader:240 - Cannot read IP mode file for STMicroelectronics.X-CUBE-DPower.1.3.0
2025-09-29 11:18:00,391 [WARN] ConditionMgr:438 - getConditionDescription Invalid condition id : LAN8742 Phy interface Condition cause : null
2025-09-29 11:18:00,393 [WARN] PackLoader:240 - Cannot read IP mode file for STMicroelectronics.X-CUBE-AZRTOS-L4.2.0.0
2025-09-29 11:18:00,397 [WARN] ConditionMgr:1044 - genDependencies : Invalid condition id : LAN8742 Phy interface Condition cause : null
2025-09-29 11:18:00,397 [WARN] ConditionMgr:1044 - genDependencies : Invalid condition id : LAN8742 Phy interface Condition cause : null
2025-09-29 11:18:00,399 [WARN] ConditionMgr:1044 - genDependencies : Invalid condition id : LAN8742 Phy interface Condition cause : null
2025-09-29 11:18:00,420 [WARN] PackLoader:240 - Cannot read IP mode file for STMicroelectronics.X-CUBE-SFXS2LP1.4.0.0
2025-09-29 11:18:00,477 [WARN] PackLoader:240 - Cannot read IP mode file for STMicroelectronics.X-CUBE-AZRTOS-H7.3.3.0
2025-09-29 11:18:00,514 [WARN] PackLoader:240 - Cannot read IP mode file for STMicroelectronics.X-CUBE-BLEMGR.4.1.0
2025-09-29 11:18:00,561 [WARN] ConditionMgr:438 - getConditionDescription Invalid condition id : UX DEVICE CLASS RTOS Condition cause : null
2025-09-29 11:18:00,561 [WARN] ConditionMgr:438 - getConditionDescription Invalid condition id : UX DEVICE CLASS RTOS Condition cause : null
2025-09-29 11:18:00,567 [WARN] PackLoader:240 - Cannot read IP mode file for STMicroelectronics.X-CUBE-AZRTOS-WB.2.0.0
2025-09-29 11:18:00,569 [WARN] ConditionMgr:1044 - genDependencies : Invalid condition id : UX DEVICE CLASS RTOS Condition cause : null
2025-09-29 11:18:00,570 [WARN] ConditionMgr:1044 - genDependencies : Invalid condition id : UX DEVICE CLASS RTOS Condition cause : null
2025-09-29 11:18:00,572 [WARN] ConditionMgr:1044 - genDependencies : Invalid condition id : UX DEVICE CLASS RTOS Condition cause : null
2025-09-29 11:18:00,573 [WARN] ConditionMgr:1044 - genDependencies : Invalid condition id : UX DEVICE CLASS RTOS Condition cause : null
2025-09-29 11:18:00,573 [WARN] ConditionMgr:1044 - genDependencies : Invalid condition id : UX DEVICE CLASS RTOS Condition cause : null
2025-09-29 11:18:00,590 [WARN] PackLoader:240 - Cannot read IP mode file for STMicroelectronics.X-CUBE-GNSS1.7.0.1
2025-09-29 11:18:00,601 [WARN] PackLoader:240 - Cannot read IP mode file for STMicroelectronics.X-CUBE-TOUCHGFX.4.25.0
2025-09-29 11:18:00,615 [WARN] PackLoader:240 - Cannot read IP mode file for STMicroelectronics.FP-SNS-STBOX1.2.0.0
2025-09-29 11:18:00,650 [WARN] PackLoader:240 - Cannot read IP mode file for STMicroelectronics.X-CUBE-SUBG2.5.0.0
2025-09-29 11:18:00,723 [WARN] PackLoader:240 - Cannot read IP mode file for STMicroelectronics.X-CUBE-AZRTOS-H7RS.1.1.0
2025-09-29 11:18:00,746 [WARN] PackLoader:240 - Cannot read IP mode file for Cesanta.I-CUBE-Mongoose.7.13.0
2025-09-29 11:18:00,790 [WARN] PackLoader:240 - Cannot read IP mode file for STMicroelectronics.X-CUBE-AZRTOS-G4.2.0.0
2025-09-29 11:18:00,807 [WARN] PackLoader:240 - Cannot read IP mode file for wolfSSL.I-CUBE-wolfSSH.1.4.20
2025-09-29 11:18:00,819 [WARN] PackLoader:240 - Cannot read IP mode file for STMicroelectronics.X-CUBE-NFC7.2.0.0
2025-09-29 11:18:00,855 [WARN] PackLoader:240 - Cannot read IP mode file for STMicroelectronics.X-CUBE-IPS.3.1.0
2025-09-29 11:18:00,886 [WARN] PackLoader:240 - Cannot read IP mode file for STMicroelectronics.X-CUBE-ALS.1.0.2
2025-09-29 11:18:00,908 [WARN] PackLoader:240 - Cannot read IP mode file for STMicroelectronics.X-CUBE-STSE01.1.0.0
2025-09-29 11:18:00,930 [WARN] PackLoader:240 - Cannot read IP mode file for portGmbH.I-Cube-SoM-uGOAL.1.1.0
2025-09-29 11:18:00,963 [WARN] PackLoader:240 - Cannot read IP mode file for STMicroelectronics.X-CUBE-TOF1.3.4.2
2025-09-29 11:18:01,027 [WARN] PackLoader:240 - Cannot read IP mode file for STMicroelectronics.X-CUBE-TOF1.3.4.3
2025-09-29 11:18:01,065 [INFO] ThirdParty:978 - Integrity check success = true
2025-09-29 11:18:01,065 [INFO] IntegrityCheckThread:100 - exiting critical section [integrity check]
2025-09-29 11:18:01,065 [INFO] IntegrityCheckThread:103 - End integrity checks thread
2025-09-29 11:18:08,847 [INFO] WebApp:169 - Instantiating new browser for Auth
2025-09-29 11:18:27,213 [INFO] WebApp:463 - Apply proxy settings
2025-09-29 11:18:27,215 [INFO] WebApp:548 - Chromium requires no authentication
2025-09-29 11:18:27,302 [INFO] WebApp:491 - Direct internet connection detected
2025-09-29 11:18:27,477 [INFO] WebApp:900 - Register for checkConnection events
2025-09-29 11:18:27,478 [INFO] WebApp:463 - Apply proxy settings
2025-09-29 11:18:27,479 [INFO] WebApp:548 - Chromium requires no authentication
2025-09-29 11:18:27,480 [INFO] WebApp:491 - Direct internet connection detected
2025-09-29 11:18:28,891 [INFO] WebApp:225 - Starting web application
2025-09-29 11:18:28,894 [INFO] WebApp:593 - Web application path used C:\ST\STM32CubeIDE_1.18.0\STM32CubeIDE\plugins\com.st.stm32cube.common.mx_6.15.0.202507011659\db\plugins\mcufinder\reactClient1\index.html
2025-09-29 11:18:29,891 [INFO] UserAuth:487 - Internet connection configuration mode: 1
2025-09-29 11:18:57,730 [INFO] WebApp:191 - Connection restablished
2025-09-29 11:18:58,576 [INFO] WebApp:194 - Connection lost
2025-09-29 11:20:07,162 [INFO] WebApp:191 - Connection restablished
