../Core/Src/main.c:79:6:setEscSpeed	16	static
../Core/Src/main.c:87:6:stopCarEsc	4	static
../Core/Src/main.c:93:6:escCalibrate	8	static
../Core/Src/main.c:113:5:main	16	static
../Core/Src/main.c:220:6:SystemClock_Config	120	static
../Core/Src/main.c:280:13:MX_TIM13_Init	40	static
../Core/Src/main.c:326:13:MX_TIM14_Init	40	static
../Core/Src/main.c:372:13:MX_USART3_UART_Init	8	static
../Core/Src/main.c:420:13:MX_GPIO_Init	24	static
../Core/Src/main.c:442:6:MPU_Config	24	static
../Core/Src/main.c:473:6:Error_Handler	4	static,ignoring_inline_asm
