20:32:22 **** Incremental Build of configuration Debug for project stm32h7_base_CM7 ****
make -j8 all 
arm-none-eabi-gcc "../Core/Src/main.c" -mcpu=cortex-m7 -std=gnu11 -g3 -DDEBUG -DCORE_CM7 -DUSE_HAL_DRIVER -DSTM32H755xx -DUSE_PWR_DIRECT_SMPS_SUPPLY -c -I../Core/Inc -I../../Drivers/STM32H7xx_HAL_Driver/Inc -I../../Drivers/STM32H7xx_HAL_Driver/Inc/Legacy -I../../Drivers/CMSIS/Device/ST/STM32H7xx/Include -I../../Drivers/CMSIS/Include -O0 -ffunction-sections -fdata-sections -Wall -fstack-usage -fcyclomatic-complexity -MMD -MP -MF"Core/Src/main.d" -MT"Core/Src/main.o" --specs=nano.specs -mfpu=fpv5-d16 -mfloat-abi=hard -mthumb -o "Core/Src/main.o"
../Core/Src/main.c: In function 'main':
../Core/Src/main.c:157:20: warning: passing argument 1 of 'printf' makes pointer from integer without a cast [-Wint-conversion]
  157 |             printf(rxChar);
      |                    ^~~~~~
      |                    |
      |                    uint8_t {aka unsigned char}
In file included from ../Core/Inc/myprintf.h:9,
                 from ../Core/Src/main.c:21:
C:\ST\STM32CubeIDE_1.18.0\STM32CubeIDE\plugins\com.st.stm32cube.ide.mcu.externaltools.gnu-tools-for-stm32.13.3.rel1.win32_1.0.0.202411081344\tools\bin/../lib/gcc/arm-none-eabi/13.3.1/../../../../arm-none-eabi/include/stdio.h:206:17: note: expected 'const char * restrict' but argument is of type 'uint8_t' {aka 'unsigned char'}
  206 | int     printf (const char *__restrict, ...)
      |                 ^
arm-none-eabi-gcc -o "stm32h7_base_CM7.elf" @"objects.list"   -mcpu=cortex-m7 -T"C:\STM32\labs5to\stm32h7_base\CM7\STM32H755ZITX_FLASH.ld" --specs=nosys.specs -Wl,-Map="stm32h7_base_CM7.map" -Wl,--gc-sections -static --specs=nano.specs -mfpu=fpv5-d16 -mfloat-abi=hard -mthumb -Wl,--start-group -lc -lm -Wl,--end-group
Finished building target: stm32h7_base_CM7.elf
 
arm-none-eabi-size  stm32h7_base_CM7.elf 
arm-none-eabi-objdump -h -S stm32h7_base_CM7.elf  > "stm32h7_base_CM7.list"
   text	   data	    bss	    dec	    hex	filename
  26360	    108	   2052	  28520	   6f68	stm32h7_base_CM7.elf
Finished building: default.size.stdout
 
Finished building: stm32h7_base_CM7.list
 
20:32:42 **** Incremental Build of configuration Debug for project stm32h7_base_CM4 ****
make -j8 all 
arm-none-eabi-size  stm32h7_base_CM4.elf 
   text	   data	    bss	    dec	    hex	filename
   4388	     16	   1568	   5972	   1754	stm32h7_base_CM4.elf
Finished building: default.size.stdout
 
20:32:43 **** Incremental Build of configuration Debug for project stm32h7_base_CM7 ****
make -j8 all 
arm-none-eabi-size  stm32h7_base_CM7.elf 
   text	   data	    bss	    dec	    hex	filename
  26360	    108	   2052	  28520	   6f68	stm32h7_base_CM7.elf
Finished building: default.size.stdout
 
