10:02:01 **** Incremental Build of configuration Debug for project stm32h7_basev2_CM7 ****
make -j8 all 
arm-none-eabi-gcc "../Core/Src/main.c" -mcpu=cortex-m7 -std=gnu11 -g3 -DDEBUG -DCORE_CM7 -DUSE_HAL_DRIVER -DSTM32H755xx -DUSE_PWR_DIRECT_SMPS_SUPPLY -c -I../Core/Inc -I../../Drivers/STM32H7xx_HAL_Driver/Inc -I../../Drivers/STM32H7xx_HAL_Driver/Inc/Legacy -I../../Drivers/CMSIS/Device/ST/STM32H7xx/Include -I../../Drivers/CMSIS/Include -O0 -ffunction-sections -fdata-sections -Wall -fstack-usage -fcyclomatic-complexity -MMD -MP -MF"Core/Src/main.d" -MT"Core/Src/main.o" --specs=nano.specs -mfpu=fpv5-d16 -mfloat-abi=hard -mthumb -o "Core/Src/main.o"
arm-none-eabi-gcc -o "stm32h7_basev2_CM7.elf" @"objects.list"   -mcpu=cortex-m7 -T"C:\STM32\labs5to\stm32h7_basev2\CM7\STM32H755ZITX_FLASH.ld" --specs=nosys.specs -Wl,-Map="stm32h7_basev2_CM7.map" -Wl,--gc-sections -static --specs=nano.specs -mfpu=fpv5-d16 -mfloat-abi=hard -mthumb -Wl,--start-group -lc -lm -Wl,--end-group
Finished building target: stm32h7_basev2_CM7.elf
 
arm-none-eabi-size  stm32h7_basev2_CM7.elf 
arm-none-eabi-objdump -h -S stm32h7_basev2_CM7.elf  > "stm32h7_basev2_CM7.list"
   text	   data	    bss	    dec	    hex	filename
   8208	     16	   1568	   9792	   2640	stm32h7_basev2_CM7.elf
Finished building: default.size.stdout
 
Finished building: stm32h7_basev2_CM7.list
 

10:02:06 Build Finished. 0 errors, 0 warnings. (took 5s.813ms)

